// Jest Snapshot v1, https://goo.gl/fbAQLP

exports[`getIndexFilesInfo should work 1`] = `
Array [
  Object {
    "path": "bb -> \\"dir/bb bb\\"",
    "status": "renamed",
  },
  Object {
    "path": "new_file.txt",
    "status": "new_file",
  },
  Object {
    "path": "test",
    "status": "modified",
  },
]
`;

exports[`getWorkingDirFilesInfo should work 1`] = `
Array [
  Object {
    "path": "aa",
    "status": "deleted",
  },
  Object {
    "path": "dir/cc",
    "status": "untracked",
  },
  Object {
    "path": "dir/test",
    "status": "untracked",
  },
]
`;

exports[`parseFilesInfo should work with index files 1`] = `
Array [
  Object {
    "files": Array [
      "bb",
      "dir/bb\\\\ bb",
    ],
    "label": "bb -> \\"dir/bb bb\\"",
    "status": "renamed",
    "value": "bb -> \\"dir/bb bb\\"",
  },
  Object {
    "files": Array [
      "new_file.txt",
    ],
    "label": "new_file.txt",
    "status": "new_file",
    "value": "new_file.txt",
  },
  Object {
    "files": Array [
      "test",
    ],
    "label": "test",
    "status": "modified",
    "value": "test",
  },
]
`;

exports[`parseFilesInfo should work with working dir files 1`] = `
Array [
  Object {
    "files": Array [
      "aa",
    ],
    "label": "aa",
    "status": "deleted",
    "value": "aa",
  },
  Object {
    "files": Array [
      "dir/cc",
    ],
    "label": "dir/cc",
    "status": "untracked",
    "value": "dir/cc",
  },
  Object {
    "files": Array [
      "dir/test",
    ],
    "label": "dir/test",
    "status": "untracked",
    "value": "dir/test",
  },
]
`;

exports[`parseFilesInfo should work with working dir files with different paths 1`] = `
Array [
  Object {
    "files": Array [
      "../../e/f/aa",
    ],
    "label": "../../e/f/aa",
    "status": "deleted",
    "value": "../../e/f/aa",
  },
  Object {
    "files": Array [
      "../../e/f/dir/cc",
    ],
    "label": "../../e/f/dir/cc",
    "status": "untracked",
    "value": "../../e/f/dir/cc",
  },
  Object {
    "files": Array [
      "../../e/f/dir/test",
    ],
    "label": "../../e/f/dir/test",
    "status": "untracked",
    "value": "../../e/f/dir/test",
  },
]
`;
